Vivado Simulator v2023.2
Copyright 1986-2022 Xilinx, Inc. All Rights Reserved.
Copyright 2022-2023 Advanced Micro Devices, Inc. All Rights Reserved.
Running: D:/Xilinx/Vivado/2023.2/bin/unwrapped/win64.o/xelab.exe --incr --debug typical --relax --mt 2 -L xil_defaultlib -L unisims_ver -L unimacro_ver -L secureip --snapshot openmips_min_sopc_tb_behav xil_defaultlib.openmips_min_sopc_tb xil_defaultlib.glbl -log elaborate.log 
Using 2 slave threads.
Starting static elaboration
Pass Through NonSizing Optimizer
Completed static elaboration
Starting simulation data flow analysis
WARNING: [XSIM 43-4099] "D:/xChangx/University/BIT/Y4S1/LAB/cpu/cpu.srcs/sources_1/new/if_id.v" Line 3. Module if_id doesn't have a timescale but at least one module in design has a timescale.
WARNING: [XSIM 43-4099] "D:/xChangx/University/BIT/Y4S1/LAB/cpu/cpu.srcs/sources_1/new/id.v" Line 3. Module id doesn't have a timescale but at least one module in design has a timescale.
WARNING: [XSIM 43-4099] "D:/xChangx/University/BIT/Y4S1/LAB/cpu/cpu.srcs/sources_1/new/id_ex.v" Line 3. Module id_ex doesn't have a timescale but at least one module in design has a timescale.
WARNING: [XSIM 43-4099] "D:/xChangx/University/BIT/Y4S1/LAB/cpu/cpu.srcs/sources_1/new/ex.v" Line 3. Module ex doesn't have a timescale but at least one module in design has a timescale.
WARNING: [XSIM 43-4099] "D:/xChangx/University/BIT/Y4S1/LAB/cpu/cpu.srcs/sources_1/new/ex_mem.v" Line 3. Module ex_mem doesn't have a timescale but at least one module in design has a timescale.
WARNING: [XSIM 43-4099] "D:/xChangx/University/BIT/Y4S1/LAB/cpu/cpu.srcs/sources_1/new/if_id.v" Line 3. Module if_id doesn't have a timescale but at least one module in design has a timescale.
WARNING: [XSIM 43-4099] "D:/xChangx/University/BIT/Y4S1/LAB/cpu/cpu.srcs/sources_1/new/id.v" Line 3. Module id doesn't have a timescale but at least one module in design has a timescale.
WARNING: [XSIM 43-4099] "D:/xChangx/University/BIT/Y4S1/LAB/cpu/cpu.srcs/sources_1/new/id_ex.v" Line 3. Module id_ex doesn't have a timescale but at least one module in design has a timescale.
WARNING: [XSIM 43-4099] "D:/xChangx/University/BIT/Y4S1/LAB/cpu/cpu.srcs/sources_1/new/ex.v" Line 3. Module ex doesn't have a timescale but at least one module in design has a timescale.
WARNING: [XSIM 43-4099] "D:/xChangx/University/BIT/Y4S1/LAB/cpu/cpu.srcs/sources_1/new/ex_mem.v" Line 3. Module ex_mem doesn't have a timescale but at least one module in design has a timescale.
Completed simulation data flow analysis
Time Resolution for simulation is 1ps
Compiling module xil_defaultlib.pc_reg
Compiling module xil_defaultlib.if_id
Compiling module xil_defaultlib.id
Compiling module xil_defaultlib.regfile
Compiling module xil_defaultlib.id_ex
Compiling module xil_defaultlib.ex
Compiling module xil_defaultlib.ex_mem
Compiling module xil_defaultlib.mem
Compiling module xil_defaultlib.mem_wb
Compiling module xil_defaultlib.openmips
Compiling module xil_defaultlib.inst_rom
Compiling module xil_defaultlib.openmips_min_sopc
Compiling module xil_defaultlib.openmips_min_sopc_tb
Compiling module xil_defaultlib.glbl
Built simulation snapshot openmips_min_sopc_tb_behav
